// Jest Snapshot v1, https://goo.gl/fbAQLP

exports[`Test AddRepository component Renders correctly 1`] = `
<ComponentWithContext>
  <AddRepository
    openToast={[Function]}
    refetchRepositories={[Function]}
  >
    <div
      className="flex items-center w-100 w-auto-m ma2 ma0-m"
    >
      <input
        className="input-reset db w-100 w-auto-m pa0 pl2 bg-white br2 ba b--silver"
        id="repository-name"
        onChange={[Function]}
        placeholder="Owner/Name"
        title="Add Repository"
        value=""
      />
      <img
        alt="add-icon"
        className="flex items-center br7 ml2 pointer dim"
        onClick={[Function]}
        src="add.svg"
        width="25"
      />
    </div>
  </AddRepository>
</ComponentWithContext>
`;
