// Jest Snapshot v1, https://goo.gl/fbAQLP

exports[`Test App component Renders correctly 1`] = `
<App>
  <header
    className="bg-near-white fixed w-100 shadow-3 z-2"
  >
    <nav
      className="flex justify-between justify-start-m items-center f7 fw6 tracked sans-serif"
    >
      <div
        className="flex items-center pv3 pv4-m ml5 ml5-m f5 link dark-gray mr5"
      >
        <img
          alt="github-icon"
          className="flex dn-m pa0-m mr3-m"
          src="github.svg"
          width="30"
        />
        <span
          className="dn dib-m"
          href="#"
          title="Home"
        >
          GitHub Overview
        </span>
        <div
          className="dn flex-m h1 br mh5 o-20 b--mid-gray"
        />
      </div>
      <div
        className="flex"
      >
        <Link
          className="dib pa5 ph6 ttu link dim mid-gray f6 bg-light-gray"
          to="/"
        >
          <a
            href="#"
          >
            <img
              alt="home-icon"
              className="flex dn-m pa0-m mr3-m"
              src="home.svg"
              width="25"
            />
            <span
              className="dn flex-m items-center"
            >
              Home
            </span>
          </a>
        </Link>
        <Link
          className="dib pa5 ph6 ttu link dim mid-gray f6 "
          to="/repositories"
        >
          <a
            href="#"
          >
            <img
              alt="rep-icon"
              className="flex dn-m pa0-m mr3-m"
              src="repo.svg"
              width="20"
            />
            <span
              className="dn flex-m items-center"
            >
              Repositories
            </span>
          </a>
        </Link>
      </div>
    </nav>
  </header>
  <div
    className="pt9"
  >
    <ToastContainer
      autoClose={5000}
      bodyClassName={null}
      className={null}
      closeButton={
        <CloseButton
          ariaLabel="close"
        />
      }
      closeOnClick={true}
      draggable={true}
      draggablePercent={80}
      hideProgressBar={false}
      newestOnTop={false}
      pauseOnFocusLoss={true}
      pauseOnHover={true}
      position="top-right"
      progressClassName={null}
      rtl={false}
      style={null}
      toastClassName={null}
      transition={[Function]}
    >
      <div
        className="Toastify"
      />
    </ToastContainer>
    <Route
      component={[Function]}
      exact={true}
      path="/"
    >
      <HomePageWithContext>
        <HomePage
          repositories={Array []}
        >
          <div
            className="w-100 flex flex-column flex-row-m pa2 pb4"
          >
            <div
              className="w-100 w-50-m pa2 pa4-m ma5-m shadow-1"
            >
              <h2
                className="mid-gray mv2"
              >
                Inactive Branches
              </h2>
              <div
                className="w-100 br mb2 o-10 ba b--mid-gray"
              />
              <div
                className="overflow-y-auto f6"
                style={
                  Object {
                    "maxHeight": "calc(100vh - 15rem)",
                  }
                }
              >
                <BranchList
                  branches={
                    Object {
                      "nodes": Array [],
                    }
                  }
                  dateColor="red"
                  filterBy={[Function]}
                  orderBy={[Function]}
                  seeMore={false}
                  showRepository={true}
                />
              </div>
            </div>
            <div
              className="w-100 w-50-m pa2 pa4-m ma5-m mt4 mt0-m shadow-1"
            >
              <h2
                className="mid-gray mv2"
              >
                Pull Requests (Mergeable)
              </h2>
              <div
                className="w-100 br mb2 o-10 ba b--mid-gray"
              />
              <div
                className="overflow-y-auto f6"
                style={
                  Object {
                    "maxHeight": "calc(100vh - 15rem)",
                  }
                }
              >
                <PRList
                  filterBy={[Function]}
                  pullRequests={
                    Object {
                      "nodes": Array [],
                    }
                  }
                  seeMore={false}
                  showRepository={true}
                />
              </div>
            </div>
          </div>
        </HomePage>
      </HomePageWithContext>
    </Route>
    <Route
      component={[Function]}
      path="/repositories"
    >
      <RepositoriesPageWithContext>
        <RepositoriesPage
          repositories={Array []}
        >
          <div
            className="flex flex-column w-100 pa3 sans-serif"
          >
            <div
              className="w-100 flex flex-column flex-row-m pb2"
            >
              <div
                className="w-100 w-33-m flex"
              >
                <ComponentWithContext>
                  <AddRepository
                    openToast={[Function]}
                    refetchRepositories={[Function]}
                  >
                    <div
                      className="flex items-center w-100 w-auto-m ma2 ma0-m"
                    >
                      <input
                        className="input-reset db w-100 w-auto-m pa0 pl2 bg-white br2 ba b--silver"
                        id="repository-name"
                        onChange={[Function]}
                        placeholder="Owner/Name"
                        title="Add Repository"
                        value=""
                      />
                      <img
                        alt="add-icon"
                        className="flex items-center br7 ml2 pointer dim"
                        onClick={[Function]}
                        src="add.svg"
                        width="25"
                      />
                    </div>
                  </AddRepository>
                </ComponentWithContext>
              </div>
              <div
                className="w-100 w-33-m flex justify-center"
              >
                <ComponentWithContext>
                  <Search
                    originalRepositories={Array []}
                    updateRepositories={[Function]}
                  >
                    <div
                      className="flex items-center w-100 w-auto-m ma2 ma0-m"
                    >
                      <input
                        className="input-reset ba b--silver db w-100 bg-white br2 pl8"
                        id="search"
                        onChange={[Function]}
                        placeholder="Search..."
                        type="text"
                        value=""
                      />
                      <img
                        alt="s-icon"
                        className="pl3 absolute"
                        src="glass.svg"
                        width="20"
                      />
                    </div>
                  </Search>
                </ComponentWithContext>
              </div>
              <div
                className="w-100 w-33-m ml-auto flex justify-end"
              >
                <ComponentWithContext>
                  <OrderBy
                    originalRepositories={Array []}
                    repositories={Array []}
                    updateRepositories={[Function]}
                  >
                    <div
                      className="flex items-center justify-end w-100 w-auto-m ma2 ma0-m"
                    >
                      <select
                        className="w-100 w4-m input-reset pl2 bg-white mid-gray b--silver ba br2 pointer f5"
                        onChange={[Function]}
                      >
                        <option
                          key="NAME_ASC"
                          value="NAME_ASC"
                        >
                          Name ASC
                        </option>
                        <option
                          key="NAME_DESC"
                          value="NAME_DESC"
                        >
                          Name DESC
                        </option>
                        <option
                          key="ISSUES_ASC"
                          value="ISSUES_ASC"
                        >
                          Issues ASC
                        </option>
                        <option
                          key="ISSUES_DESC"
                          value="ISSUES_DESC"
                        >
                          Issues DESC
                        </option>
                        <option
                          key="PRS_ASC"
                          value="PRS_ASC"
                        >
                          PR's ASC
                        </option>
                        <option
                          key="PRS_DESC"
                          value="PRS_DESC"
                        >
                          PR's DESC
                        </option>
                      </select>
                    </div>
                  </OrderBy>
                </ComponentWithContext>
              </div>
            </div>
            <div
              className="w-100"
            />
          </div>
        </RepositoriesPage>
      </RepositoriesPageWithContext>
    </Route>
  </div>
</App>
`;
