// Jest Snapshot v1, https://goo.gl/fbAQLP

exports[`Test HomePage component Renders correctly 1`] = `
<HomePageWithContext
  repositories={
    Array [
      Object {
        "collaborators": Object {
          "nodes": Array [],
          "totalCount": 0,
        },
        "description": "description",
        "id": "1",
        "issues": Object {
          "nodes": Array [],
          "totalCount": 0,
        },
        "nameWithOwner": "vtex-apps/render-runtime",
        "pullRequests": Object {
          "nodes": Array [],
          "totalCount": 0,
        },
        "refs": Object {
          "nodes": Array [],
          "totalCount": 0,
        },
        "url": "http://github.com/vtex-apps/render-runtime",
      },
    ]
  }
>
  <HomePage
    repositories={
      Array [
        Object {
          "collaborators": Object {
            "nodes": Array [],
            "totalCount": 0,
          },
          "description": "description",
          "id": "1",
          "issues": Object {
            "nodes": Array [],
            "totalCount": 0,
          },
          "nameWithOwner": "vtex-apps/render-runtime",
          "pullRequests": Object {
            "nodes": Array [],
            "totalCount": 0,
          },
          "refs": Object {
            "nodes": Array [],
            "totalCount": 0,
          },
          "url": "http://github.com/vtex-apps/render-runtime",
        },
      ]
    }
  >
    <div
      className="w-100 flex flex-column flex-row-m pa2 pb4"
    >
      <div
        className="w-100 w-50-m pa2 pa4-m ma5-m shadow-1"
      >
        <h2
          className="mid-gray mv2"
        >
          Inactive Branches
        </h2>
        <div
          className="w-100 br mb2 o-10 ba b--mid-gray"
        />
        <div
          className="overflow-y-auto f6"
          style={
            Object {
              "maxHeight": "calc(100vh - 15rem)",
            }
          }
        >
          <BranchList
            branches={
              Object {
                "nodes": Array [],
              }
            }
            dateColor="red"
            filterBy={[Function]}
            orderBy={[Function]}
            seeMore={false}
            showRepository={true}
          />
        </div>
      </div>
      <div
        className="w-100 w-40-m w-50-l pa2 pa4-m ma5-m mt4 mt0-m shadow-1"
      >
        <h2
          className="mid-gray mv2 f4-m mb3-m f3-l mb2-l"
        >
          Pull Requests (Mergeable)
        </h2>
        <div
          className="w-100 br mb2 o-10 ba b--mid-gray"
        />
        <div
          className="overflow-y-auto f6"
          style={
            Object {
              "maxHeight": "calc(100vh - 15rem)",
            }
          }
        >
          <PRList
            filterBy={[Function]}
            pullRequests={
              Object {
                "nodes": Array [],
              }
            }
            seeMore={false}
            showRepository={true}
          />
        </div>
      </div>
    </div>
  </HomePage>
</HomePageWithContext>
`;
