// Jest Snapshot v1, https://goo.gl/fbAQLP

exports[`Test RemoveRepository component Renders correctly 1`] = `
<ComponentWithContext>
  <RemoveRepository
    openToast={[Function]}
    refetchRepositories={[Function]}
  >
    <img
      alt="remove"
      className="flex items-center br7 mr3 pointer dim"
      onClick={[Function]}
      src="remove.svg"
      title="remove"
      width="20"
    />
  </RemoveRepository>
</ComponentWithContext>
`;
