// Jest Snapshot v1, https://goo.gl/fbAQLP

exports[`Test Repository component Renders correctly 1`] = `
<RepositoryWithContext
  repository={
    Object {
      "collaborators": Object {
        "nodes": Array [
          Object {
            "avatarUrl": "https://avatars3.githubusercontent.com/u/10401309?v=4",
            "name": "Raphael Simoens",
            "url": "https://github.com/rsimoens",
          },
          Object {
            "avatarUrl": "https://avatars3.githubusercontent.com/u/12852518?v=4",
            "name": "Vitória Heliane",
            "url": "https://github.com/vitoriaHeliane",
          },
          Object {
            "avatarUrl": "https://avatars1.githubusercontent.com/u/13875462?v=4",
            "name": "Leonardo Padilha",
            "url": "https://github.com/lcfpadilha",
          },
          Object {
            "avatarUrl": "https://avatars2.githubusercontent.com/u/14097431?v=4",
            "name": "Mark Matern",
            "url": "https://github.com/mrkmat",
          },
          Object {
            "avatarUrl": "https://avatars1.githubusercontent.com/u/15784157?v=4",
            "name": "Juliane Lopes Ferreira",
            "url": "https://github.com/julopesferr",
          },
          Object {
            "avatarUrl": "https://avatars2.githubusercontent.com/u/15948386?v=4",
            "name": "Estácio Pereira",
            "url": "https://github.com/estacioneto",
          },
          Object {
            "avatarUrl": "https://avatars3.githubusercontent.com/u/18706156?v=4",
            "name": "Luciano de Oliveira Júnior",
            "url": "https://github.com/luciannojunior",
          },
          Object {
            "avatarUrl": "https://avatars2.githubusercontent.com/u/21203990?v=4",
            "name": null,
            "url": "https://github.com/gabrielgalc",
          },
          Object {
            "avatarUrl": "https://avatars0.githubusercontent.com/u/23402009?v=4",
            "name": null,
            "url": "https://github.com/lowbeer",
          },
          Object {
            "avatarUrl": "https://avatars0.githubusercontent.com/u/30424413?v=4",
            "name": null,
            "url": "https://github.com/luizerasmo",
          },
          Object {
            "avatarUrl": "https://avatars0.githubusercontent.com/u/31371069?v=4",
            "name": "Ian Duleba",
            "url": "https://github.com/iduleba",
          },
        ],
        "totalCount": 55,
      },
      "createdAt": "2018-04-11T20:23:43Z",
      "description": "VTEX Minicart app ",
      "id": "MDEwOlJlcG9zaXRvcnkxMjkxNDk3Nzk=",
      "issues": Object {
        "nodes": Array [],
        "totalCount": 0,
      },
      "nameWithOwner": "vtex-apps/minicart",
      "pullRequests": Object {
        "nodes": Array [
          Object {
            "assignees": Object {
              "nodes": Array [
                Object {
                  "avatarUrl": "https://avatars3.githubusercontent.com/u/12852518?v=4",
                  "name": "Vitória Heliane",
                },
              ],
            },
            "mergeable": "MERGEABLE",
            "reviews": Object {
              "nodes": Array [
                Object {
                  "author": Object {
                    "avatarUrl": "https://avatars2.githubusercontent.com/u/4960686?v=4",
                    "login": "ClaudivanFilho",
                  },
                  "state": "CHANGES_REQUESTED",
                },
                Object {
                  "author": Object {
                    "avatarUrl": "https://avatars1.githubusercontent.com/u/3926634?v=4",
                    "login": "salesfelipe",
                  },
                  "state": "APPROVED",
                },
                Object {
                  "author": Object {
                    "avatarUrl": "https://avatars2.githubusercontent.com/u/4960686?v=4",
                    "login": "ClaudivanFilho",
                  },
                  "state": "CHANGES_REQUESTED",
                },
                Object {
                  "author": Object {
                    "avatarUrl": "https://avatars2.githubusercontent.com/u/4960686?v=4",
                    "login": "ClaudivanFilho",
                  },
                  "state": "APPROVED",
                },
              ],
            },
            "title": "Update the Quantity Selector UI and Fix change quantity",
            "url": "https://github.com/vtex-apps/minicart/pull/37",
          },
        ],
        "totalCount": 1,
      },
      "refs": Object {
        "nodes": Array [
          Object {
            "name": "bugfix/grapqlerror",
            "repository": Object {
              "nameWithOwner": "vtex-apps/minicart",
            },
            "target": Object {
              "history": Object {
                "edges": Array [
                  Object {
                    "node": Object {
                      "author": Object {
                        "avatarUrl": "https://avatars1.githubusercontent.com/u/3926634?v=4",
                        "name": "Felipe Sales",
                      },
                      "committedDate": "2018-05-12T18:58:01Z",
                    },
                  },
                ],
              },
            },
          },
          Object {
            "name": "fix/duplicate-product",
            "repository": Object {
              "nameWithOwner": "vtex-apps/minicart",
            },
            "target": Object {
              "history": Object {
                "edges": Array [
                  Object {
                    "node": Object {
                      "author": Object {
                        "avatarUrl": "https://avatars3.githubusercontent.com/u/10223856?v=4",
                        "name": "Lucas Cordeiro",
                      },
                      "committedDate": "2018-07-03T14:20:39Z",
                    },
                  },
                ],
              },
            },
          },
          Object {
            "name": "master",
            "repository": Object {
              "nameWithOwner": "vtex-apps/minicart",
            },
            "target": Object {
              "history": Object {
                "edges": Array [
                  Object {
                    "node": Object {
                      "author": Object {
                        "avatarUrl": "https://avatars0.githubusercontent.com/u/8000984?v=4",
                        "name": "Bruno Dias",
                      },
                      "committedDate": "2018-08-24T15:01:26Z",
                    },
                  },
                ],
              },
            },
          },
          Object {
            "name": "update/quantity-selector",
            "repository": Object {
              "nameWithOwner": "vtex-apps/minicart",
            },
            "target": Object {
              "history": Object {
                "edges": Array [
                  Object {
                    "node": Object {
                      "author": Object {
                        "avatarUrl": "https://avatars3.githubusercontent.com/u/12852518?v=4",
                        "name": "Vitória Heliane",
                      },
                      "committedDate": "2018-08-29T12:46:12Z",
                    },
                  },
                ],
              },
            },
          },
        ],
        "totalCount": 4,
      },
      "stargazers": Object {
        "totalCount": 2,
      },
      "url": "https://github.com/vtex-apps/minicart",
    }
  }
>
  <Repository
    openToast={[Function]}
    repository={
      Object {
        "collaborators": Object {
          "nodes": Array [
            Object {
              "avatarUrl": "https://avatars3.githubusercontent.com/u/10401309?v=4",
              "name": "Raphael Simoens",
              "url": "https://github.com/rsimoens",
            },
            Object {
              "avatarUrl": "https://avatars3.githubusercontent.com/u/12852518?v=4",
              "name": "Vitória Heliane",
              "url": "https://github.com/vitoriaHeliane",
            },
            Object {
              "avatarUrl": "https://avatars1.githubusercontent.com/u/13875462?v=4",
              "name": "Leonardo Padilha",
              "url": "https://github.com/lcfpadilha",
            },
            Object {
              "avatarUrl": "https://avatars2.githubusercontent.com/u/14097431?v=4",
              "name": "Mark Matern",
              "url": "https://github.com/mrkmat",
            },
            Object {
              "avatarUrl": "https://avatars1.githubusercontent.com/u/15784157?v=4",
              "name": "Juliane Lopes Ferreira",
              "url": "https://github.com/julopesferr",
            },
            Object {
              "avatarUrl": "https://avatars2.githubusercontent.com/u/15948386?v=4",
              "name": "Estácio Pereira",
              "url": "https://github.com/estacioneto",
            },
            Object {
              "avatarUrl": "https://avatars3.githubusercontent.com/u/18706156?v=4",
              "name": "Luciano de Oliveira Júnior",
              "url": "https://github.com/luciannojunior",
            },
            Object {
              "avatarUrl": "https://avatars2.githubusercontent.com/u/21203990?v=4",
              "name": null,
              "url": "https://github.com/gabrielgalc",
            },
            Object {
              "avatarUrl": "https://avatars0.githubusercontent.com/u/23402009?v=4",
              "name": null,
              "url": "https://github.com/lowbeer",
            },
            Object {
              "avatarUrl": "https://avatars0.githubusercontent.com/u/30424413?v=4",
              "name": null,
              "url": "https://github.com/luizerasmo",
            },
            Object {
              "avatarUrl": "https://avatars0.githubusercontent.com/u/31371069?v=4",
              "name": "Ian Duleba",
              "url": "https://github.com/iduleba",
            },
          ],
          "totalCount": 55,
        },
        "createdAt": "2018-04-11T20:23:43Z",
        "description": "VTEX Minicart app ",
        "id": "MDEwOlJlcG9zaXRvcnkxMjkxNDk3Nzk=",
        "issues": Object {
          "nodes": Array [],
          "totalCount": 0,
        },
        "nameWithOwner": "vtex-apps/minicart",
        "pullRequests": Object {
          "nodes": Array [
            Object {
              "assignees": Object {
                "nodes": Array [
                  Object {
                    "avatarUrl": "https://avatars3.githubusercontent.com/u/12852518?v=4",
                    "name": "Vitória Heliane",
                  },
                ],
              },
              "mergeable": "MERGEABLE",
              "reviews": Object {
                "nodes": Array [
                  Object {
                    "author": Object {
                      "avatarUrl": "https://avatars2.githubusercontent.com/u/4960686?v=4",
                      "login": "ClaudivanFilho",
                    },
                    "state": "CHANGES_REQUESTED",
                  },
                  Object {
                    "author": Object {
                      "avatarUrl": "https://avatars1.githubusercontent.com/u/3926634?v=4",
                      "login": "salesfelipe",
                    },
                    "state": "APPROVED",
                  },
                  Object {
                    "author": Object {
                      "avatarUrl": "https://avatars2.githubusercontent.com/u/4960686?v=4",
                      "login": "ClaudivanFilho",
                    },
                    "state": "CHANGES_REQUESTED",
                  },
                  Object {
                    "author": Object {
                      "avatarUrl": "https://avatars2.githubusercontent.com/u/4960686?v=4",
                      "login": "ClaudivanFilho",
                    },
                    "state": "APPROVED",
                  },
                ],
              },
              "title": "Update the Quantity Selector UI and Fix change quantity",
              "url": "https://github.com/vtex-apps/minicart/pull/37",
            },
          ],
          "totalCount": 1,
        },
        "refs": Object {
          "nodes": Array [
            Object {
              "name": "bugfix/grapqlerror",
              "repository": Object {
                "nameWithOwner": "vtex-apps/minicart",
              },
              "target": Object {
                "history": Object {
                  "edges": Array [
                    Object {
                      "node": Object {
                        "author": Object {
                          "avatarUrl": "https://avatars1.githubusercontent.com/u/3926634?v=4",
                          "name": "Felipe Sales",
                        },
                        "committedDate": "2018-05-12T18:58:01Z",
                      },
                    },
                  ],
                },
              },
            },
            Object {
              "name": "fix/duplicate-product",
              "repository": Object {
                "nameWithOwner": "vtex-apps/minicart",
              },
              "target": Object {
                "history": Object {
                  "edges": Array [
                    Object {
                      "node": Object {
                        "author": Object {
                          "avatarUrl": "https://avatars3.githubusercontent.com/u/10223856?v=4",
                          "name": "Lucas Cordeiro",
                        },
                        "committedDate": "2018-07-03T14:20:39Z",
                      },
                    },
                  ],
                },
              },
            },
            Object {
              "name": "master",
              "repository": Object {
                "nameWithOwner": "vtex-apps/minicart",
              },
              "target": Object {
                "history": Object {
                  "edges": Array [
                    Object {
                      "node": Object {
                        "author": Object {
                          "avatarUrl": "https://avatars0.githubusercontent.com/u/8000984?v=4",
                          "name": "Bruno Dias",
                        },
                        "committedDate": "2018-08-24T15:01:26Z",
                      },
                    },
                  ],
                },
              },
            },
            Object {
              "name": "update/quantity-selector",
              "repository": Object {
                "nameWithOwner": "vtex-apps/minicart",
              },
              "target": Object {
                "history": Object {
                  "edges": Array [
                    Object {
                      "node": Object {
                        "author": Object {
                          "avatarUrl": "https://avatars3.githubusercontent.com/u/12852518?v=4",
                          "name": "Vitória Heliane",
                        },
                        "committedDate": "2018-08-29T12:46:12Z",
                      },
                    },
                  ],
                },
              },
            },
          ],
          "totalCount": 4,
        },
        "stargazers": Object {
          "totalCount": 2,
        },
        "url": "https://github.com/vtex-apps/minicart",
      }
    }
  >
    <div
      className="near-black ba bw1 b--black-20 br2 mb1"
    >
      <div
        className="bg-near-white pointer pa2 fw6 flex justify-between items-center"
        onClick={[Function]}
      >
        <div
          className="flex w-90 w-30-m items-center"
        >
          <img
            alt="repo-icon"
            className="ml2 mr4"
            src="repo.svg"
            width="25"
          />
          <a
            className="link truncate"
            href="https://github.com/vtex-apps/minicart"
            onClick={[Function]}
            target="_blank"
          >
            vtex-apps/minicart
          </a>
        </div>
        <label
          className="w-20 f6 b dn db-m mr2"
        >
          Issues (
          0
          )
        </label>
        <label
          className="w-20 f6 b dn db-m mr2"
        >
          Pull Requests (
          1
          )
        </label>
        <label
          className="w-20 f6 b dn db-m mr2"
        >
          Active Branches (
          4
          )
        </label>
        <ComponentWithContext
          repository={
            Object {
              "collaborators": Object {
                "nodes": Array [
                  Object {
                    "avatarUrl": "https://avatars3.githubusercontent.com/u/10401309?v=4",
                    "name": "Raphael Simoens",
                    "url": "https://github.com/rsimoens",
                  },
                  Object {
                    "avatarUrl": "https://avatars3.githubusercontent.com/u/12852518?v=4",
                    "name": "Vitória Heliane",
                    "url": "https://github.com/vitoriaHeliane",
                  },
                  Object {
                    "avatarUrl": "https://avatars1.githubusercontent.com/u/13875462?v=4",
                    "name": "Leonardo Padilha",
                    "url": "https://github.com/lcfpadilha",
                  },
                  Object {
                    "avatarUrl": "https://avatars2.githubusercontent.com/u/14097431?v=4",
                    "name": "Mark Matern",
                    "url": "https://github.com/mrkmat",
                  },
                  Object {
                    "avatarUrl": "https://avatars1.githubusercontent.com/u/15784157?v=4",
                    "name": "Juliane Lopes Ferreira",
                    "url": "https://github.com/julopesferr",
                  },
                  Object {
                    "avatarUrl": "https://avatars2.githubusercontent.com/u/15948386?v=4",
                    "name": "Estácio Pereira",
                    "url": "https://github.com/estacioneto",
                  },
                  Object {
                    "avatarUrl": "https://avatars3.githubusercontent.com/u/18706156?v=4",
                    "name": "Luciano de Oliveira Júnior",
                    "url": "https://github.com/luciannojunior",
                  },
                  Object {
                    "avatarUrl": "https://avatars2.githubusercontent.com/u/21203990?v=4",
                    "name": null,
                    "url": "https://github.com/gabrielgalc",
                  },
                  Object {
                    "avatarUrl": "https://avatars0.githubusercontent.com/u/23402009?v=4",
                    "name": null,
                    "url": "https://github.com/lowbeer",
                  },
                  Object {
                    "avatarUrl": "https://avatars0.githubusercontent.com/u/30424413?v=4",
                    "name": null,
                    "url": "https://github.com/luizerasmo",
                  },
                  Object {
                    "avatarUrl": "https://avatars0.githubusercontent.com/u/31371069?v=4",
                    "name": "Ian Duleba",
                    "url": "https://github.com/iduleba",
                  },
                ],
                "totalCount": 55,
              },
              "createdAt": "2018-04-11T20:23:43Z",
              "description": "VTEX Minicart app ",
              "id": "MDEwOlJlcG9zaXRvcnkxMjkxNDk3Nzk=",
              "issues": Object {
                "nodes": Array [],
                "totalCount": 0,
              },
              "nameWithOwner": "vtex-apps/minicart",
              "pullRequests": Object {
                "nodes": Array [
                  Object {
                    "assignees": Object {
                      "nodes": Array [
                        Object {
                          "avatarUrl": "https://avatars3.githubusercontent.com/u/12852518?v=4",
                          "name": "Vitória Heliane",
                        },
                      ],
                    },
                    "mergeable": "MERGEABLE",
                    "reviews": Object {
                      "nodes": Array [
                        Object {
                          "author": Object {
                            "avatarUrl": "https://avatars2.githubusercontent.com/u/4960686?v=4",
                            "login": "ClaudivanFilho",
                          },
                          "state": "CHANGES_REQUESTED",
                        },
                        Object {
                          "author": Object {
                            "avatarUrl": "https://avatars1.githubusercontent.com/u/3926634?v=4",
                            "login": "salesfelipe",
                          },
                          "state": "APPROVED",
                        },
                        Object {
                          "author": Object {
                            "avatarUrl": "https://avatars2.githubusercontent.com/u/4960686?v=4",
                            "login": "ClaudivanFilho",
                          },
                          "state": "CHANGES_REQUESTED",
                        },
                        Object {
                          "author": Object {
                            "avatarUrl": "https://avatars2.githubusercontent.com/u/4960686?v=4",
                            "login": "ClaudivanFilho",
                          },
                          "state": "APPROVED",
                        },
                      ],
                    },
                    "title": "Update the Quantity Selector UI and Fix change quantity",
                    "url": "https://github.com/vtex-apps/minicart/pull/37",
                  },
                ],
                "totalCount": 1,
              },
              "refs": Object {
                "nodes": Array [
                  Object {
                    "name": "bugfix/grapqlerror",
                    "repository": Object {
                      "nameWithOwner": "vtex-apps/minicart",
                    },
                    "target": Object {
                      "history": Object {
                        "edges": Array [
                          Object {
                            "node": Object {
                              "author": Object {
                                "avatarUrl": "https://avatars1.githubusercontent.com/u/3926634?v=4",
                                "name": "Felipe Sales",
                              },
                              "committedDate": "2018-05-12T18:58:01Z",
                            },
                          },
                        ],
                      },
                    },
                  },
                  Object {
                    "name": "fix/duplicate-product",
                    "repository": Object {
                      "nameWithOwner": "vtex-apps/minicart",
                    },
                    "target": Object {
                      "history": Object {
                        "edges": Array [
                          Object {
                            "node": Object {
                              "author": Object {
                                "avatarUrl": "https://avatars3.githubusercontent.com/u/10223856?v=4",
                                "name": "Lucas Cordeiro",
                              },
                              "committedDate": "2018-07-03T14:20:39Z",
                            },
                          },
                        ],
                      },
                    },
                  },
                  Object {
                    "name": "master",
                    "repository": Object {
                      "nameWithOwner": "vtex-apps/minicart",
                    },
                    "target": Object {
                      "history": Object {
                        "edges": Array [
                          Object {
                            "node": Object {
                              "author": Object {
                                "avatarUrl": "https://avatars0.githubusercontent.com/u/8000984?v=4",
                                "name": "Bruno Dias",
                              },
                              "committedDate": "2018-08-24T15:01:26Z",
                            },
                          },
                        ],
                      },
                    },
                  },
                  Object {
                    "name": "update/quantity-selector",
                    "repository": Object {
                      "nameWithOwner": "vtex-apps/minicart",
                    },
                    "target": Object {
                      "history": Object {
                        "edges": Array [
                          Object {
                            "node": Object {
                              "author": Object {
                                "avatarUrl": "https://avatars3.githubusercontent.com/u/12852518?v=4",
                                "name": "Vitória Heliane",
                              },
                              "committedDate": "2018-08-29T12:46:12Z",
                            },
                          },
                        ],
                      },
                    },
                  },
                ],
                "totalCount": 4,
              },
              "stargazers": Object {
                "totalCount": 2,
              },
              "url": "https://github.com/vtex-apps/minicart",
            }
          }
        >
          <RemoveRepository
            openToast={[Function]}
            refetchRepositories={[Function]}
            repository={
              Object {
                "collaborators": Object {
                  "nodes": Array [
                    Object {
                      "avatarUrl": "https://avatars3.githubusercontent.com/u/10401309?v=4",
                      "name": "Raphael Simoens",
                      "url": "https://github.com/rsimoens",
                    },
                    Object {
                      "avatarUrl": "https://avatars3.githubusercontent.com/u/12852518?v=4",
                      "name": "Vitória Heliane",
                      "url": "https://github.com/vitoriaHeliane",
                    },
                    Object {
                      "avatarUrl": "https://avatars1.githubusercontent.com/u/13875462?v=4",
                      "name": "Leonardo Padilha",
                      "url": "https://github.com/lcfpadilha",
                    },
                    Object {
                      "avatarUrl": "https://avatars2.githubusercontent.com/u/14097431?v=4",
                      "name": "Mark Matern",
                      "url": "https://github.com/mrkmat",
                    },
                    Object {
                      "avatarUrl": "https://avatars1.githubusercontent.com/u/15784157?v=4",
                      "name": "Juliane Lopes Ferreira",
                      "url": "https://github.com/julopesferr",
                    },
                    Object {
                      "avatarUrl": "https://avatars2.githubusercontent.com/u/15948386?v=4",
                      "name": "Estácio Pereira",
                      "url": "https://github.com/estacioneto",
                    },
                    Object {
                      "avatarUrl": "https://avatars3.githubusercontent.com/u/18706156?v=4",
                      "name": "Luciano de Oliveira Júnior",
                      "url": "https://github.com/luciannojunior",
                    },
                    Object {
                      "avatarUrl": "https://avatars2.githubusercontent.com/u/21203990?v=4",
                      "name": null,
                      "url": "https://github.com/gabrielgalc",
                    },
                    Object {
                      "avatarUrl": "https://avatars0.githubusercontent.com/u/23402009?v=4",
                      "name": null,
                      "url": "https://github.com/lowbeer",
                    },
                    Object {
                      "avatarUrl": "https://avatars0.githubusercontent.com/u/30424413?v=4",
                      "name": null,
                      "url": "https://github.com/luizerasmo",
                    },
                    Object {
                      "avatarUrl": "https://avatars0.githubusercontent.com/u/31371069?v=4",
                      "name": "Ian Duleba",
                      "url": "https://github.com/iduleba",
                    },
                  ],
                  "totalCount": 55,
                },
                "createdAt": "2018-04-11T20:23:43Z",
                "description": "VTEX Minicart app ",
                "id": "MDEwOlJlcG9zaXRvcnkxMjkxNDk3Nzk=",
                "issues": Object {
                  "nodes": Array [],
                  "totalCount": 0,
                },
                "nameWithOwner": "vtex-apps/minicart",
                "pullRequests": Object {
                  "nodes": Array [
                    Object {
                      "assignees": Object {
                        "nodes": Array [
                          Object {
                            "avatarUrl": "https://avatars3.githubusercontent.com/u/12852518?v=4",
                            "name": "Vitória Heliane",
                          },
                        ],
                      },
                      "mergeable": "MERGEABLE",
                      "reviews": Object {
                        "nodes": Array [
                          Object {
                            "author": Object {
                              "avatarUrl": "https://avatars2.githubusercontent.com/u/4960686?v=4",
                              "login": "ClaudivanFilho",
                            },
                            "state": "CHANGES_REQUESTED",
                          },
                          Object {
                            "author": Object {
                              "avatarUrl": "https://avatars1.githubusercontent.com/u/3926634?v=4",
                              "login": "salesfelipe",
                            },
                            "state": "APPROVED",
                          },
                          Object {
                            "author": Object {
                              "avatarUrl": "https://avatars2.githubusercontent.com/u/4960686?v=4",
                              "login": "ClaudivanFilho",
                            },
                            "state": "CHANGES_REQUESTED",
                          },
                          Object {
                            "author": Object {
                              "avatarUrl": "https://avatars2.githubusercontent.com/u/4960686?v=4",
                              "login": "ClaudivanFilho",
                            },
                            "state": "APPROVED",
                          },
                        ],
                      },
                      "title": "Update the Quantity Selector UI and Fix change quantity",
                      "url": "https://github.com/vtex-apps/minicart/pull/37",
                    },
                  ],
                  "totalCount": 1,
                },
                "refs": Object {
                  "nodes": Array [
                    Object {
                      "name": "bugfix/grapqlerror",
                      "repository": Object {
                        "nameWithOwner": "vtex-apps/minicart",
                      },
                      "target": Object {
                        "history": Object {
                          "edges": Array [
                            Object {
                              "node": Object {
                                "author": Object {
                                  "avatarUrl": "https://avatars1.githubusercontent.com/u/3926634?v=4",
                                  "name": "Felipe Sales",
                                },
                                "committedDate": "2018-05-12T18:58:01Z",
                              },
                            },
                          ],
                        },
                      },
                    },
                    Object {
                      "name": "fix/duplicate-product",
                      "repository": Object {
                        "nameWithOwner": "vtex-apps/minicart",
                      },
                      "target": Object {
                        "history": Object {
                          "edges": Array [
                            Object {
                              "node": Object {
                                "author": Object {
                                  "avatarUrl": "https://avatars3.githubusercontent.com/u/10223856?v=4",
                                  "name": "Lucas Cordeiro",
                                },
                                "committedDate": "2018-07-03T14:20:39Z",
                              },
                            },
                          ],
                        },
                      },
                    },
                    Object {
                      "name": "master",
                      "repository": Object {
                        "nameWithOwner": "vtex-apps/minicart",
                      },
                      "target": Object {
                        "history": Object {
                          "edges": Array [
                            Object {
                              "node": Object {
                                "author": Object {
                                  "avatarUrl": "https://avatars0.githubusercontent.com/u/8000984?v=4",
                                  "name": "Bruno Dias",
                                },
                                "committedDate": "2018-08-24T15:01:26Z",
                              },
                            },
                          ],
                        },
                      },
                    },
                    Object {
                      "name": "update/quantity-selector",
                      "repository": Object {
                        "nameWithOwner": "vtex-apps/minicart",
                      },
                      "target": Object {
                        "history": Object {
                          "edges": Array [
                            Object {
                              "node": Object {
                                "author": Object {
                                  "avatarUrl": "https://avatars3.githubusercontent.com/u/12852518?v=4",
                                  "name": "Vitória Heliane",
                                },
                                "committedDate": "2018-08-29T12:46:12Z",
                              },
                            },
                          ],
                        },
                      },
                    },
                  ],
                  "totalCount": 4,
                },
                "stargazers": Object {
                  "totalCount": 2,
                },
                "url": "https://github.com/vtex-apps/minicart",
              }
            }
          >
            <img
              alt="remove"
              className="flex items-center br7 mr3 pointer dim"
              onClick={[Function]}
              src="remove.svg"
              title="remove"
              width="20"
            />
          </RemoveRepository>
        </ComponentWithContext>
      </div>
      <Collapse
        fixedHeight={-1}
        forceInitialAnimation={false}
        hasNestedCollapse={false}
        isOpened={false}
        onMeasure={[Function]}
        onRender={[Function]}
        onRest={[Function]}
        springConfig={
          Object {
            "damping": 20,
            "stiffness": 100,
          }
        }
        style={Object {}}
        theme={
          Object {
            "collapse": "ReactCollapse--collapse",
            "content": "ReactCollapse--content",
          }
        }
      >
        <Motion
          defaultStyle={
            Object {
              "height": 0,
            }
          }
          onRest={[Function]}
          style={
            Object {
              "height": 0,
            }
          }
        >
          <div
            className="ReactCollapse--collapse"
            style={
              Object {
                "height": 0,
                "overflow": "hidden",
              }
            }
          >
            <div
              className="ReactCollapse--content"
            >
              <div
                className="flex flex-column flex-row-m pa3 pa0-m"
              >
                <div
                  className="w-100 w-20-m pa2"
                >
                  <div
                    className="flex flex-column"
                  >
                    <h5
                      className="mv2"
                    >
                      Collaborators
                    </h5>
                    <div>
                      <img
                        alt="Raphael Simoens"
                        className="fl br4 ma2"
                        key="https://avatars3.githubusercontent.com/u/10401309?v=4"
                        src="https://avatars3.githubusercontent.com/u/10401309?v=4"
                        title="Raphael Simoens"
                        width="30"
                      />
                      <img
                        alt="Vitória Heliane"
                        className="fl br4 ma2"
                        key="https://avatars3.githubusercontent.com/u/12852518?v=4"
                        src="https://avatars3.githubusercontent.com/u/12852518?v=4"
                        title="Vitória Heliane"
                        width="30"
                      />
                      <img
                        alt="Leonardo Padilha"
                        className="fl br4 ma2"
                        key="https://avatars1.githubusercontent.com/u/13875462?v=4"
                        src="https://avatars1.githubusercontent.com/u/13875462?v=4"
                        title="Leonardo Padilha"
                        width="30"
                      />
                      <img
                        alt="Mark Matern"
                        className="fl br4 ma2"
                        key="https://avatars2.githubusercontent.com/u/14097431?v=4"
                        src="https://avatars2.githubusercontent.com/u/14097431?v=4"
                        title="Mark Matern"
                        width="30"
                      />
                      <img
                        alt="Juliane Lopes Ferreira"
                        className="fl br4 ma2"
                        key="https://avatars1.githubusercontent.com/u/15784157?v=4"
                        src="https://avatars1.githubusercontent.com/u/15784157?v=4"
                        title="Juliane Lopes Ferreira"
                        width="30"
                      />
                      <img
                        alt="Estácio Pereira"
                        className="fl br4 ma2"
                        key="https://avatars2.githubusercontent.com/u/15948386?v=4"
                        src="https://avatars2.githubusercontent.com/u/15948386?v=4"
                        title="Estácio Pereira"
                        width="30"
                      />
                      <img
                        alt="Luciano de Oliveira Júnior"
                        className="fl br4 ma2"
                        key="https://avatars3.githubusercontent.com/u/18706156?v=4"
                        src="https://avatars3.githubusercontent.com/u/18706156?v=4"
                        title="Luciano de Oliveira Júnior"
                        width="30"
                      />
                      <img
                        alt={null}
                        className="fl br4 ma2"
                        key="https://avatars2.githubusercontent.com/u/21203990?v=4"
                        src="https://avatars2.githubusercontent.com/u/21203990?v=4"
                        title={null}
                        width="30"
                      />
                      <img
                        alt={null}
                        className="fl br4 ma2"
                        key="https://avatars0.githubusercontent.com/u/23402009?v=4"
                        src="https://avatars0.githubusercontent.com/u/23402009?v=4"
                        title={null}
                        width="30"
                      />
                      <img
                        alt={null}
                        className="fl br4 ma2"
                        key="https://avatars0.githubusercontent.com/u/30424413?v=4"
                        src="https://avatars0.githubusercontent.com/u/30424413?v=4"
                        title={null}
                        width="30"
                      />
                      <img
                        alt="Ian Duleba"
                        className="fl br4 ma2"
                        key="https://avatars0.githubusercontent.com/u/31371069?v=4"
                        src="https://avatars0.githubusercontent.com/u/31371069?v=4"
                        title="Ian Duleba"
                        width="30"
                      />
                      <div
                        className="fl br8 ma2 h2 w2 br-pill ba b--silver mid-gray flex items-center f7 fw6 justify-center"
                      >
                        + 
                        44
                      </div>
                    </div>
                  </div>
                </div>
                <div
                  className="w-100 w-80-m flex flex-column pb3"
                >
                  <div
                    className="w-100 flex flex-column pv2"
                  >
                    <h5
                      className="w-100 mv2"
                    >
                      Description:
                    </h5>
                    <p
                      className="f7"
                    >
                      VTEX Minicart app 
                    </p>
                  </div>
                  <div
                    className="w-100 br mb2 o-10 ba b--mid-gray"
                  />
                  <div
                    className="w-100 flex flex-column flex-row-m"
                  >
                    <div
                      className="w-100 w-40-m flex flex-column"
                    >
                      <h5
                        className="w-100 mv2"
                      >
                        Active Branches (
                        4
                        )
                      </h5>
                      <div
                        className="overflow-y-auto f6"
                        style={
                          Object {
                            "maxHeight": "9rem",
                          }
                        }
                      >
                        <BranchList
                          branches={
                            Object {
                              "nodes": Array [
                                Object {
                                  "name": "bugfix/grapqlerror",
                                  "repository": Object {
                                    "nameWithOwner": "vtex-apps/minicart",
                                  },
                                  "target": Object {
                                    "history": Object {
                                      "edges": Array [
                                        Object {
                                          "node": Object {
                                            "author": Object {
                                              "avatarUrl": "https://avatars1.githubusercontent.com/u/3926634?v=4",
                                              "name": "Felipe Sales",
                                            },
                                            "committedDate": "2018-05-12T18:58:01Z",
                                          },
                                        },
                                      ],
                                    },
                                  },
                                },
                                Object {
                                  "name": "fix/duplicate-product",
                                  "repository": Object {
                                    "nameWithOwner": "vtex-apps/minicart",
                                  },
                                  "target": Object {
                                    "history": Object {
                                      "edges": Array [
                                        Object {
                                          "node": Object {
                                            "author": Object {
                                              "avatarUrl": "https://avatars3.githubusercontent.com/u/10223856?v=4",
                                              "name": "Lucas Cordeiro",
                                            },
                                            "committedDate": "2018-07-03T14:20:39Z",
                                          },
                                        },
                                      ],
                                    },
                                  },
                                },
                                Object {
                                  "name": "master",
                                  "repository": Object {
                                    "nameWithOwner": "vtex-apps/minicart",
                                  },
                                  "target": Object {
                                    "history": Object {
                                      "edges": Array [
                                        Object {
                                          "node": Object {
                                            "author": Object {
                                              "avatarUrl": "https://avatars0.githubusercontent.com/u/8000984?v=4",
                                              "name": "Bruno Dias",
                                            },
                                            "committedDate": "2018-08-24T15:01:26Z",
                                          },
                                        },
                                      ],
                                    },
                                  },
                                },
                                Object {
                                  "name": "update/quantity-selector",
                                  "repository": Object {
                                    "nameWithOwner": "vtex-apps/minicart",
                                  },
                                  "target": Object {
                                    "history": Object {
                                      "edges": Array [
                                        Object {
                                          "node": Object {
                                            "author": Object {
                                              "avatarUrl": "https://avatars3.githubusercontent.com/u/12852518?v=4",
                                              "name": "Vitória Heliane",
                                            },
                                            "committedDate": "2018-08-29T12:46:12Z",
                                          },
                                        },
                                      ],
                                    },
                                  },
                                },
                              ],
                              "totalCount": 4,
                            }
                          }
                          dateColor=""
                          seeMore={true}
                        >
                          <div
                            className="w-100 flex justify-between"
                          >
                            <a
                              className="w-80-m link heavy-blue pa3 dim truncate flex items-center"
                              href="http://github.com/vtex-apps/minicart/tree/bugfix/grapqlerror"
                              target="_blank"
                            >
                              <div
                                className=" flex items-center justify-start"
                              >
                                <img
                                  className="mr4"
                                  src="branch.svg"
                                  width="16"
                                />
                                <span
                                  className=" truncate"
                                >
                                  bugfix/grapqlerror
                                </span>
                              </div>
                            </a>
                            <div
                              className="mid-gray pa3 mr4 truncate flex items-center "
                            >
                              <t
                                ago={false}
                                calendar={false}
                                decimal={false}
                                element="time"
                                filter={[Function]}
                                fromNow={true}
                                interval={60000}
                                onChange={[Function]}
                                toNow={false}
                                unit={null}
                                unix={false}
                                utc={false}
                              >
                                <time
                                  dateTime={"2018-05-12T18:58:01.000Z"}
                                >
                                  4 months ago
                                </time>
                              </t>
                            </div>
                          </div>
                          <div
                            className="w-100 center br mb2 o-05 ba b--mid-gray"
                          />
                          <div
                            className="w-100 flex justify-between"
                          >
                            <a
                              className="w-80-m link heavy-blue pa3 dim truncate flex items-center"
                              href="http://github.com/vtex-apps/minicart/tree/fix/duplicate-product"
                              target="_blank"
                            >
                              <div
                                className=" flex items-center justify-start"
                              >
                                <img
                                  className="mr4"
                                  src="branch.svg"
                                  width="16"
                                />
                                <span
                                  className=" truncate"
                                >
                                  fix/duplicate-product
                                </span>
                              </div>
                            </a>
                            <div
                              className="mid-gray pa3 mr4 truncate flex items-center "
                            >
                              <t
                                ago={false}
                                calendar={false}
                                decimal={false}
                                element="time"
                                filter={[Function]}
                                fromNow={true}
                                interval={60000}
                                onChange={[Function]}
                                toNow={false}
                                unit={null}
                                unix={false}
                                utc={false}
                              >
                                <time
                                  dateTime={"2018-07-03T14:20:39.000Z"}
                                >
                                  2 months ago
                                </time>
                              </t>
                            </div>
                          </div>
                          <div
                            className="w-100 center br mb2 o-05 ba b--mid-gray"
                          />
                          <div
                            className="w-100 flex justify-between"
                          >
                            <a
                              className="w-80-m link heavy-blue pa3 dim truncate flex items-center"
                              href="http://github.com/vtex-apps/minicart/tree/master"
                              target="_blank"
                            >
                              <div
                                className=" flex items-center justify-start"
                              >
                                <img
                                  className="mr4"
                                  src="branch.svg"
                                  width="16"
                                />
                                <span
                                  className=" truncate"
                                >
                                  master
                                </span>
                              </div>
                            </a>
                            <div
                              className="mid-gray pa3 mr4 truncate flex items-center "
                            >
                              <t
                                ago={false}
                                calendar={false}
                                decimal={false}
                                element="time"
                                filter={[Function]}
                                fromNow={true}
                                interval={60000}
                                onChange={[Function]}
                                toNow={false}
                                unit={null}
                                unix={false}
                                utc={false}
                              >
                                <time
                                  dateTime={"2018-08-24T15:01:26.000Z"}
                                >
                                  6 days ago
                                </time>
                              </t>
                            </div>
                          </div>
                          <div
                            className="w-100 center br mb2 o-05 ba b--mid-gray"
                          />
                          <div
                            className="w-100 flex justify-between"
                          >
                            <a
                              className="w-80-m link heavy-blue pa3 dim truncate flex items-center"
                              href="http://github.com/vtex-apps/minicart/tree/update/quantity-selector"
                              target="_blank"
                            >
                              <div
                                className=" flex items-center justify-start"
                              >
                                <img
                                  className="mr4"
                                  src="branch.svg"
                                  width="16"
                                />
                                <span
                                  className=" truncate"
                                >
                                  update/quantity-selector
                                </span>
                              </div>
                            </a>
                            <div
                              className="mid-gray pa3 mr4 truncate flex items-center "
                            >
                              <t
                                ago={false}
                                calendar={false}
                                decimal={false}
                                element="time"
                                filter={[Function]}
                                fromNow={true}
                                interval={60000}
                                onChange={[Function]}
                                toNow={false}
                                unit={null}
                                unix={false}
                                utc={false}
                              >
                                <time
                                  dateTime={"2018-08-29T12:46:12.000Z"}
                                >
                                  a day ago
                                </time>
                              </t>
                            </div>
                          </div>
                        </BranchList>
                      </div>
                    </div>
                    <div
                      className="h-90 br mh2 o-10 ba b--mid-gray"
                    />
                    <div
                      className="w-100 w-60-m flex flex-column"
                    >
                      <h5
                        className="w-100 mv2"
                      >
                        Pull Requests (
                        1
                        )
                      </h5>
                      <div
                        className="overflow-y-auto f6"
                        style={
                          Object {
                            "maxHeight": "9rem",
                          }
                        }
                      >
                        <PRList
                          nameWithOwner="vtex-apps/minicart"
                          pullRequests={
                            Object {
                              "nodes": Array [
                                Object {
                                  "assignees": Object {
                                    "nodes": Array [
                                      Object {
                                        "avatarUrl": "https://avatars3.githubusercontent.com/u/12852518?v=4",
                                        "name": "Vitória Heliane",
                                      },
                                    ],
                                  },
                                  "mergeable": "MERGEABLE",
                                  "reviews": Object {
                                    "nodes": Array [
                                      Object {
                                        "author": Object {
                                          "avatarUrl": "https://avatars2.githubusercontent.com/u/4960686?v=4",
                                          "login": "ClaudivanFilho",
                                        },
                                        "state": "CHANGES_REQUESTED",
                                      },
                                      Object {
                                        "author": Object {
                                          "avatarUrl": "https://avatars1.githubusercontent.com/u/3926634?v=4",
                                          "login": "salesfelipe",
                                        },
                                        "state": "APPROVED",
                                      },
                                      Object {
                                        "author": Object {
                                          "avatarUrl": "https://avatars2.githubusercontent.com/u/4960686?v=4",
                                          "login": "ClaudivanFilho",
                                        },
                                        "state": "CHANGES_REQUESTED",
                                      },
                                      Object {
                                        "author": Object {
                                          "avatarUrl": "https://avatars2.githubusercontent.com/u/4960686?v=4",
                                          "login": "ClaudivanFilho",
                                        },
                                        "state": "APPROVED",
                                      },
                                    ],
                                  },
                                  "title": "Update the Quantity Selector UI and Fix change quantity",
                                  "url": "https://github.com/vtex-apps/minicart/pull/37",
                                },
                              ],
                              "totalCount": 1,
                            }
                          }
                          seeMore={true}
                        >
                          <div
                            className="w-100 flex justify-between"
                          >
                            <a
                              className="w-60 truncate link heavy-blue pa3 dim flex items-center"
                              href="https://github.com/vtex-apps/minicart/pull/37"
                              target="_blank"
                            >
                              <img
                                className="mr4"
                                src="pr.svg"
                                width="16"
                              />
                              <span
                                className="w-80 w-90-m truncate"
                              >
                                Update the Quantity Selector UI and Fix change quantity
                              </span>
                            </a>
                            <div
                              className="w-40 ml3 flex justify-start items-center"
                            >
                              <img
                                alt="ClaudivanFilho"
                                className="mh1 mh3-l"
                                height="20"
                                key="ClaudivanFilho"
                                src="OK.png"
                                width="20"
                              />
                              <img
                                alt="salesfelipe"
                                className="mh1 mh3-l"
                                height="20"
                                key="salesfelipe"
                                src="OK.png"
                                width="20"
                              />
                            </div>
                          </div>
                        </PRList>
                      </div>
                    </div>
                  </div>
                  <div
                    className="w-100 br mv2 o-10 ba b--mid-gray"
                  />
                  <div
                    className="flex flex-column"
                  >
                    <h5
                      className="w-100 mv2"
                    >
                      Issues (
                      0
                      )
                    </h5>
                    <div
                      className="overflow-y-auto"
                      style={
                        Object {
                          "maxHeight": "8rem",
                        }
                      }
                    >
                      <BranchList
                        issues={
                          Object {
                            "nodes": Array [],
                            "totalCount": 0,
                          }
                        }
                        nameWithOwner="vtex-apps/minicart"
                        seeMore={true}
                      />
                    </div>
                  </div>
                </div>
              </div>
            </div>
          </div>
        </Motion>
      </Collapse>
    </div>
  </Repository>
</RepositoryWithContext>
`;
