// Jest Snapshot v1, https://goo.gl/fbAQLP

exports[`Test Search component Renders correctly 1`] = `
<ComponentWithContext>
  <Search
    originalRepositories={Array []}
    updateRepositories={[Function]}
  >
    <div
      className="flex items-center w-100 w-auto-m ma2 ma0-m"
    >
      <input
        className="input-reset ba b--silver db w-100 bg-white br2 pl8"
        id="search"
        onChange={[Function]}
        placeholder="Search..."
        type="text"
        value=""
      />
      <img
        alt="s-icon"
        className="pl3 absolute"
        src="glass.svg"
        width="20"
      />
    </div>
  </Search>
</ComponentWithContext>
`;
